Archive member included to satisfy reference by file (symbol)

c:/ac6/systemworkbench/plugins/fr.ac6.mcu.externaltools.arm-none.win32_1.16.0.201807130628/tools/compiler/bin/../lib/gcc/arm-none-eabi/7.2.1/../../../../arm-none-eabi/lib/thumb/v7-m\libc.a(lib_a-errno.o)
                              src/syscalls.o (__errno)
c:/ac6/systemworkbench/plugins/fr.ac6.mcu.externaltools.arm-none.win32_1.16.0.201807130628/tools/compiler/bin/../lib/gcc/arm-none-eabi/7.2.1/../../../../arm-none-eabi/lib/thumb/v7-m\libc.a(lib_a-exit.o)
                              c:/ac6/systemworkbench/plugins/fr.ac6.mcu.externaltools.arm-none.win32_1.16.0.201807130628/tools/compiler/bin/../lib/gcc/arm-none-eabi/7.2.1/../../../../arm-none-eabi/lib/thumb/v7-m/crt0.o (exit)
c:/ac6/systemworkbench/plugins/fr.ac6.mcu.externaltools.arm-none.win32_1.16.0.201807130628/tools/compiler/bin/../lib/gcc/arm-none-eabi/7.2.1/../../../../arm-none-eabi/lib/thumb/v7-m\libc.a(lib_a-impure.o)
                              c:/ac6/systemworkbench/plugins/fr.ac6.mcu.externaltools.arm-none.win32_1.16.0.201807130628/tools/compiler/bin/../lib/gcc/arm-none-eabi/7.2.1/../../../../arm-none-eabi/lib/thumb/v7-m\libc.a(lib_a-exit.o) (_global_impure_ptr)
c:/ac6/systemworkbench/plugins/fr.ac6.mcu.externaltools.arm-none.win32_1.16.0.201807130628/tools/compiler/bin/../lib/gcc/arm-none-eabi/7.2.1/../../../../arm-none-eabi/lib/thumb/v7-m\libc.a(lib_a-init.o)
                              c:/ac6/systemworkbench/plugins/fr.ac6.mcu.externaltools.arm-none.win32_1.16.0.201807130628/tools/compiler/bin/../lib/gcc/arm-none-eabi/7.2.1/../../../../arm-none-eabi/lib/thumb/v7-m/crt0.o (__libc_init_array)
c:/ac6/systemworkbench/plugins/fr.ac6.mcu.externaltools.arm-none.win32_1.16.0.201807130628/tools/compiler/bin/../lib/gcc/arm-none-eabi/7.2.1/../../../../arm-none-eabi/lib/thumb/v7-m\libc.a(lib_a-memcpy.o)
                              FreeRTOS/Source/queue.o (memcpy)
c:/ac6/systemworkbench/plugins/fr.ac6.mcu.externaltools.arm-none.win32_1.16.0.201807130628/tools/compiler/bin/../lib/gcc/arm-none-eabi/7.2.1/../../../../arm-none-eabi/lib/thumb/v7-m\libc.a(lib_a-memset.o)
                              c:/ac6/systemworkbench/plugins/fr.ac6.mcu.externaltools.arm-none.win32_1.16.0.201807130628/tools/compiler/bin/../lib/gcc/arm-none-eabi/7.2.1/../../../../arm-none-eabi/lib/thumb/v7-m/crt0.o (memset)
c:/ac6/systemworkbench/plugins/fr.ac6.mcu.externaltools.arm-none.win32_1.16.0.201807130628/tools/compiler/bin/../lib/gcc/arm-none-eabi/7.2.1/../../../../arm-none-eabi/lib/thumb/v7-m\libc.a(lib_a-__call_atexit.o)
                              c:/ac6/systemworkbench/plugins/fr.ac6.mcu.externaltools.arm-none.win32_1.16.0.201807130628/tools/compiler/bin/../lib/gcc/arm-none-eabi/7.2.1/../../../../arm-none-eabi/lib/thumb/v7-m\libc.a(lib_a-exit.o) (__call_exitprocs)
c:/ac6/systemworkbench/plugins/fr.ac6.mcu.externaltools.arm-none.win32_1.16.0.201807130628/tools/compiler/bin/../lib/gcc/arm-none-eabi/7.2.1/../../../../arm-none-eabi/lib/thumb/v7-m\libc.a(lib_a-atexit.o)
                              c:/ac6/systemworkbench/plugins/fr.ac6.mcu.externaltools.arm-none.win32_1.16.0.201807130628/tools/compiler/bin/../lib/gcc/arm-none-eabi/7.2.1/../../../../arm-none-eabi/lib/thumb/v7-m\libc.a(lib_a-__call_atexit.o) (atexit)
c:/ac6/systemworkbench/plugins/fr.ac6.mcu.externaltools.arm-none.win32_1.16.0.201807130628/tools/compiler/bin/../lib/gcc/arm-none-eabi/7.2.1/../../../../arm-none-eabi/lib/thumb/v7-m\libc.a(lib_a-fini.o)
                              c:/ac6/systemworkbench/plugins/fr.ac6.mcu.externaltools.arm-none.win32_1.16.0.201807130628/tools/compiler/bin/../lib/gcc/arm-none-eabi/7.2.1/../../../../arm-none-eabi/lib/thumb/v7-m\libc.a(lib_a-__call_atexit.o) (__libc_fini_array)
c:/ac6/systemworkbench/plugins/fr.ac6.mcu.externaltools.arm-none.win32_1.16.0.201807130628/tools/compiler/bin/../lib/gcc/arm-none-eabi/7.2.1/../../../../arm-none-eabi/lib/thumb/v7-m\libc.a(lib_a-lock.o)
                              c:/ac6/systemworkbench/plugins/fr.ac6.mcu.externaltools.arm-none.win32_1.16.0.201807130628/tools/compiler/bin/../lib/gcc/arm-none-eabi/7.2.1/../../../../arm-none-eabi/lib/thumb/v7-m\libc.a(lib_a-__call_atexit.o) (__retarget_lock_acquire_recursive)
c:/ac6/systemworkbench/plugins/fr.ac6.mcu.externaltools.arm-none.win32_1.16.0.201807130628/tools/compiler/bin/../lib/gcc/arm-none-eabi/7.2.1/../../../../arm-none-eabi/lib/thumb/v7-m\libc.a(lib_a-__atexit.o)
                              c:/ac6/systemworkbench/plugins/fr.ac6.mcu.externaltools.arm-none.win32_1.16.0.201807130628/tools/compiler/bin/../lib/gcc/arm-none-eabi/7.2.1/../../../../arm-none-eabi/lib/thumb/v7-m\libc.a(lib_a-atexit.o) (__register_exitproc)

Allocating common symbols
Common symbol       size              file

__lock___atexit_recursive_mutex
[...]
Memory Configuration

Name             Origin             Length             Attributes
RAM              0x20000000         0x00005000         xrw
ROM              0x08000000         0x00010000         xr
*default*        0x00000000         0xffffffff

Linker script and memory map

LOAD c:/ac6/systemworkbench/plugins/fr.ac6.mcu.externaltools.arm-none.win32_1.16.0.201807130628/tools/compiler/bin/../lib/gcc/arm-none-eabi/7.2.1/thumb/v7-m/crti.o
LOAD c:/ac6/systemworkbench/plugins/fr.ac6.mcu.externaltools.arm-none.win32_1.16.0.201807130628/tools/compiler/bin/../lib/gcc/arm-none-eabi/7.2.1/thumb/v7-m/crtbegin.o
LOAD c:/ac6/systemworkbench/plugins/fr.ac6.mcu.externaltools.arm-none.win32_1.16.0.201807130628/tools/compiler/bin/../lib/gcc/arm-none-eabi/7.2.1/../../../../arm-none-eabi/lib/thumb/v7-m/crt0.o
LOAD CMSIS/core/core_cm3.o
LOAD Drivers/src/base.o
LOAD Drivers/src/base_WS2812B.o
LOAD Drivers/src/base_blinky.o
LOAD Drivers/src/base_init.o
LOAD Drivers/src/base_pwm_tim1.o
LOAD Drivers/src/base_spi_1.o
LOAD Drivers/src/base_thread.o
LOAD Drivers/src/base_usart_1.o
LOAD Drivers/src/base_usb.o
LOAD FreeRTOS/Source/croutine.o
LOAD FreeRTOS/Source/event_groups.o
LOAD FreeRTOS/Source/list.o
LOAD FreeRTOS/Source/queue.o
LOAD FreeRTOS/Source/tasks.o
LOAD FreeRTOS/Source/timers.o
LOAD FreeRTOS/Source/portable/GCC/ARM_CM3/port.o
LOAD FreeRTOS/Source/portable/MemMang/heap_1.o
LOAD StdPeriph_Driver/src/misc.o
LOAD StdPeriph_Driver/src/stm32f10x_adc.o
LOAD StdPeriph_Driver/src/stm32f10x_bkp.o
LOAD StdPeriph_Driver/src/stm32f10x_can.o
LOAD StdPeriph_Driver/src/stm32f10x_cec.o
LOAD StdPeriph_Driver/src/stm32f10x_crc.o
LOAD StdPeriph_Driver/src/stm32f10x_dac.o
LOAD StdPeriph_Driver/src/stm32f10x_dbgmcu.o
LOAD StdPeriph_Driver/src/stm32f10x_dma.o
LOAD StdPeriph_Driver/src/stm32f10x_exti.o
LOAD StdPeriph_Driver/src/stm32f10x_flash.o
LOAD StdPeriph_Driver/src/stm32f10x_fsmc.o
LOAD StdPeriph_Driver/src/stm32f10x_gpio.o
LOAD StdPeriph_Driver/src/stm32f10x_i2c.o
LOAD StdPeriph_Driver/src/stm32f10x_iwdg.o
LOAD StdPeriph_Driver/src/stm32f10x_pwr.o
LOAD StdPeriph_Driver/src/stm32f10x_rcc.o
LOAD StdPeriph_Driver/src/stm32f10x_rtc.o
LOAD StdPeriph_Driver/src/stm32f10x_sdio.o
LOAD StdPeriph_Driver/src/stm32f10x_spi.o
LOAD StdPeriph_Driver/src/stm32f10x_tim.o
LOAD StdPeriph_Driver/src/stm32f10x_usart.o
LOAD StdPeriph_Driver/src/stm32f10x_wwdg.o
LOAD src/main.o
LOAD src/syscalls.o
LOAD src/system_stm32f10x.o
LOAD src/test.o
LOAD startup/startup_stm32.o
LOAD c:/ac6/systemworkbench/plugins/fr.ac6.mcu.externaltools.arm-none.win32_1.16.0.201807130628/tools/compiler/bin/../lib/gcc/arm-none-eabi/7.2.1/../../../../arm-none-eabi/lib/thumb/v7-m\libstdc++.a
LOAD c:/ac6/systemworkbench/plugins/fr.ac6.mcu.externaltools.arm-none.win32_1.16.0.201807130628/tools/compiler/bin/../lib/gcc/arm-none-eabi/7.2.1/../../../../arm-none-eabi/lib/thumb/v7-m\libm.a
START GROUP
LOAD c:/ac6/systemworkbench/plugins/fr.ac6.mcu.externaltools.arm-none.win32_1.16.0.201807130628/tools/compiler/bin/../lib/gcc/arm-none-eabi/7.2.1/thumb/v7-m\libgcc.a
LOAD c:/ac6/systemworkbench/plugins/fr.ac6.mcu.externaltools.arm-none.win32_1.16.0.201807130628/tools/compiler/bin/../lib/gcc/arm-none-eabi/7.2.1/../../../../arm-none-eabi/lib/thumb/v7-m\libc.a
END GROUP
LOAD c:/ac6/systemworkbench/plugins/fr.ac6.mcu.externaltools.arm-none.win32_1.16.0.201807130628/tools/compiler/bin/../lib/gcc/arm-none-eabi/7.2.1/thumb/v7-m/crtend.o
LOAD c:/ac6/systemworkbench/plugins/fr.ac6.mcu.externaltools.arm-none.win32_1.16.0.201807130628/tools/compiler/bin/../lib/gcc/arm-none-eabi/7.2.1/thumb/v7-m/crtn.o
                0x20005000                _estack = 0x20005000
                0x00000000                _Min_Heap_Size = 0x0
                0x00000400                _Min_Stack_Size = 0x400

.isr_vector     0x08000000      0x188
                0x08000000                . = ALIGN (0x4)
 *(.isr_vector)
 .isr_vector    0x08000000      0x188 startup/startup_stm32.o
                0x08000000                g_pfnVectors
                0x08000188                . = ALIGN (0x4)

.text           0x08000190     0x20b8
                0x08000190                . = ALIGN (0x4)
 *(.text)
 .text          0x08000190       0x40 c:/ac6/systemworkbench/plugins/fr.ac6.mcu.externaltools.arm-none.win32_1.16.0.201807130628/tools/compiler/bin/../lib/gcc/arm-none-eabi/7.2.1/thumb/v7-m/crtbegin.o
 *(.text*)
 .text.base_blinky_init
                0x080001d0       0x6c Drivers/src/base_blinky.o
                0x080001d0                base_blinky_init
 .text.base_blinky_thread
                0x0800023c       0x40 Drivers/src/base_blinky.o
 .text.NVIC_SetPriority
                0x0800027c       0x54 Drivers/src/base_init.o
 .text.SysTick_Config
                0x080002d0       0x44 Drivers/src/base_init.o
 .text.base_init
                0x08000314       0x2e Drivers/src/base_init.o
                0x08000314                base_init
 *fill*         0x08000342        0x2 
 .text.base_pwm_tim1_init
                0x08000344      0x160 Drivers/src/base_pwm_tim1.o
                0x08000344                base_pwm_tim1_init
 .text.base_pwm_tim1_thread
                0x080004a4      0x198 Drivers/src/base_pwm_tim1.o
 .text.DMA1Channel3_IRQHandler
                0x0800063c       0x80 Drivers/src/base_spi_1.o
                0x0800063c                DMA1Channel3_IRQHandler
 .text.DMA1Channel4_IRQHandler
                0x080006bc       0x40 Drivers/src/base_usart_1.o
                0x080006bc                DMA1Channel4_IRQHandler
 .text.DMA1Channel5_IRQHandler
                0x080006fc       0x30 Drivers/src/base_usart_1.o
                0x080006fc                DMA1Channel5_IRQHandler
 .text.vListInitialise
                0x0800072c       0x3e FreeRTOS/Source/list.o
                0x0800072c                vListInitialise
 .text.vListInitialiseItem
                0x0800076a       0x18 FreeRTOS/Source/list.o
                0x0800076a                vListInitialiseItem
 .text.vListInsertEnd
                0x08000782       0x46 FreeRTOS/Source/list.o
                0x08000782                vListInsertEnd
 .text.vListInsert
                0x080007c8       0x70 FreeRTOS/Source/list.o
                0x080007c8                vListInsert
 .text.uxListRemove
                0x08000838       0x52 FreeRTOS/Source/list.o
                0x08000838                uxListRemove
 .text.xTaskCreate
                0x0800088a       0x82 FreeRTOS/Source/tasks.o
                0x0800088a                xTaskCreate
 .text.prvInitialiseNewTask
                0x0800090c       0xe2 FreeRTOS/Source/tasks.o
 *fill*         0x080009ee        0x2 
 .text.prvAddNewTaskToReadyList
                0x080009f0       0xdc FreeRTOS/Source/tasks.o
 .text.vTaskDelay
                0x08000acc       0x48 FreeRTOS/Source/tasks.o
                0x08000acc                vTaskDelay
 .text.vTaskStartScheduler
                0x08000b14       0x6c FreeRTOS/Source/tasks.o
                0x08000b14                vTaskStartScheduler
 .text.vTaskSuspendAll
                0x08000b80       0x1c FreeRTOS/Source/tasks.o
                0x08000b80                vTaskSuspendAll
 .text.xTaskResumeAll
                0x08000b9c      0x11c FreeRTOS/Source/tasks.o
                0x08000b9c                xTaskResumeAll
 .text.xTaskIncrementTick
                0x08000cb8      0x158 FreeRTOS/Source/tasks.o
                0x08000cb8                xTaskIncrementTick
 .text.vTaskSwitchContext
                0x08000e10       0x8c FreeRTOS/Source/tasks.o
                0x08000e10                vTaskSwitchContext
 .text.prvIdleTask
                0x08000e9c        0xe FreeRTOS/Source/tasks.o
 *fill*         0x08000eaa        0x2 
 .text.prvInitialiseTaskLists
                0x08000eac       0x74 FreeRTOS/Source/tasks.o
 .text.prvCheckTasksWaitingTermination
                0x08000f20        0xc FreeRTOS/Source/tasks.o
 .text.prvResetNextTaskUnblockTime
                0x08000f2c       0x48 FreeRTOS/Source/tasks.o
 .text.prvAddCurrentTaskToDelayedList
                0x08000f74       0xcc FreeRTOS/Source/tasks.o
 .text.pxPortInitialiseStack
                0x08001040       0x58 FreeRTOS/Source/portable/GCC/ARM_CM3/port.o
                0x08001040                pxPortInitialiseStack
 .text.prvTaskExitError
                0x08001098       0x1a FreeRTOS/Source/portable/GCC/ARM_CM3/port.o
 *fill*         0x080010b2        0xe 
 .text.SVC_Handler
                0x080010c0       0x28 FreeRTOS/Source/portable/GCC/ARM_CM3/port.o
                0x080010c0                SVC_Handler
 .text.prvPortStartFirstTask
                0x080010e8       0x20 FreeRTOS/Source/portable/GCC/ARM_CM3/port.o
 .text.xPortStartScheduler
                0x08001108       0x3c FreeRTOS/Source/portable/GCC/ARM_CM3/port.o
                0x08001108                xPortStartScheduler
 .text.vPortEnterCritical
                0x08001144       0x30 FreeRTOS/Source/portable/GCC/ARM_CM3/port.o
                0x08001144                vPortEnterCritical
 .text.vPortExitCritical
                0x08001174       0x30 FreeRTOS/Source/portable/GCC/ARM_CM3/port.o
                0x08001174                vPortExitCritical
 *fill*         0x080011a4        0xc 
 .text.PendSV_Handler
                0x080011b0       0x48 FreeRTOS/Source/portable/GCC/ARM_CM3/port.o
                0x080011b0                PendSV_Handler
 .text.SysTick_Handler
                0x080011f8       0x40 FreeRTOS/Source/portable/GCC/ARM_CM3/port.o
                0x080011f8                SysTick_Handler
 .text.vPortSetupTimerInterrupt
                0x08001238       0x24 FreeRTOS/Source/portable/GCC/ARM_CM3/port.o
                0x08001238                vPortSetupTimerInterrupt
 .text.pvPortMalloc
                0x0800125c       0x8c FreeRTOS/Source/portable/MemMang/heap_1.o
                0x0800125c                pvPortMalloc
 .text.vPortFree
                0x080012e8       0x12 FreeRTOS/Source/portable/MemMang/heap_1.o
                0x080012e8                vPortFree
 *fill*         0x080012fa        0x2 
 .text.NVIC_PriorityGroupConfig
                0x080012fc       0x24 StdPeriph_Driver/src/misc.o
                0x080012fc                NVIC_PriorityGroupConfig
 .text.NVIC_SetVectorTable
                0x08001320       0x2c StdPeriph_Driver/src/misc.o
                0x08001320                NVIC_SetVectorTable
 .text.SysTick_CLKSourceConfig
                0x0800134c       0x38 StdPeriph_Driver/src/misc.o
                0x0800134c                SysTick_CLKSourceConfig
 .text.DMA_Cmd  0x08001384       0x38 StdPeriph_Driver/src/stm32f10x_dma.o
                0x08001384                DMA_Cmd
 .text.DMA_GetFlagStatus
                0x080013bc       0x50 StdPeriph_Driver/src/stm32f10x_dma.o
                0x080013bc                DMA_GetFlagStatus
 .text.DMA_ClearFlag
                0x0800140c       0x34 StdPeriph_Driver/src/stm32f10x_dma.o
                0x0800140c                DMA_ClearFlag
 .text.GPIO_Init
                0x08001440      0x178 StdPeriph_Driver/src/stm32f10x_gpio.o
                0x08001440                GPIO_Init
 .text.GPIO_ReadOutputDataBit
                0x080015b8       0x32 StdPeriph_Driver/src/stm32f10x_gpio.o
                0x080015b8                GPIO_ReadOutputDataBit
 .text.GPIO_WriteBit
                0x080015ea       0x2e StdPeriph_Driver/src/stm32f10x_gpio.o
                0x080015ea                GPIO_WriteBit
 .text.RCC_APB2PeriphClockCmd
                0x08001618       0x3c StdPeriph_Driver/src/stm32f10x_rcc.o
                0x08001618                RCC_APB2PeriphClockCmd
 .text.TIM_TimeBaseInit
                0x08001654       0xf8 StdPeriph_Driver/src/stm32f10x_tim.o
                0x08001654                TIM_TimeBaseInit
 .text.TIM_OC1Init
                0x0800174c      0x118 StdPeriph_Driver/src/stm32f10x_tim.o
                0x0800174c                TIM_OC1Init
 .text.TIM_OC2Init
                0x08001864      0x110 StdPeriph_Driver/src/stm32f10x_tim.o
                0x08001864                TIM_OC2Init
 .text.TIM_OC3Init
                0x08001974      0x10c StdPeriph_Driver/src/stm32f10x_tim.o
                0x08001974                TIM_OC3Init
 .text.TIM_OC4Init
                0x08001a80       0xd0 StdPeriph_Driver/src/stm32f10x_tim.o
                0x08001a80                TIM_OC4Init
 .text.TIM_BDTRConfig
                0x08001b50       0x4e StdPeriph_Driver/src/stm32f10x_tim.o
                0x08001b50                TIM_BDTRConfig
 .text.TIM_BDTRStructInit
                0x08001b9e       0x3c StdPeriph_Driver/src/stm32f10x_tim.o
                0x08001b9e                TIM_BDTRStructInit
 .text.TIM_Cmd  0x08001bda       0x3e StdPeriph_Driver/src/stm32f10x_tim.o
                0x08001bda                TIM_Cmd
 .text.TIM_CtrlPWMOutputs
                0x08001c18       0x4a StdPeriph_Driver/src/stm32f10x_tim.o
                0x08001c18                TIM_CtrlPWMOutputs
 .text.TIM_ARRPreloadConfig
                0x08001c62       0x3e StdPeriph_Driver/src/stm32f10x_tim.o
                0x08001c62                TIM_ARRPreloadConfig
 .text.TIM_OC1PreloadConfig
                0x08001ca0       0x36 StdPeriph_Driver/src/stm32f10x_tim.o
                0x08001ca0                TIM_OC1PreloadConfig
 .text.TIM_OC2PreloadConfig
                0x08001cd6       0x3a StdPeriph_Driver/src/stm32f10x_tim.o
                0x08001cd6                TIM_OC2PreloadConfig
 .text.TIM_OC3PreloadConfig
                0x08001d10       0x36 StdPeriph_Driver/src/stm32f10x_tim.o
                0x08001d10                TIM_OC3PreloadConfig
 .text.TIM_OC4PreloadConfig
                0x08001d46       0x3a StdPeriph_Driver/src/stm32f10x_tim.o
                0x08001d46                TIM_OC4PreloadConfig
 .text.TIM_CCxCmd
                0x08001d80       0x54 StdPeriph_Driver/src/stm32f10x_tim.o
                0x08001d80                TIM_CCxCmd
 .text.TIM_CCxNCmd
                0x08001dd4       0x54 StdPeriph_Driver/src/stm32f10x_tim.o
                0x08001dd4                TIM_CCxNCmd
 .text.TIM_SetCompare1
                0x08001e28       0x1c StdPeriph_Driver/src/stm32f10x_tim.o
                0x08001e28                TIM_SetCompare1
 .text.TIM_SetCompare2
                0x08001e44       0x1c StdPeriph_Driver/src/stm32f10x_tim.o
                0x08001e44                TIM_SetCompare2
 .text.main     0x08001e60       0x18 src/main.o
                0x08001e60                main
 .text.SystemInit
                0x08001e78       0x68 src/system_stm32f10x.o
                0x08001e78                SystemInit
 .text.SetSysClock
                0x08001ee0        0xc src/system_stm32f10x.o
 .text.SetSysClockTo72
                0x08001eec      0x100 src/system_stm32f10x.o
 .text.Reset_Handler
                0x08001fec       0x48 startup/startup_stm32.o
                0x08001fec                Reset_Handler
 .text.Default_Handler
                0x08002034        0x2 startup/startup_stm32.o
                0x08002034                HardFault_Handler
                0x08002034                NMI_Handler
                0x08002034                UsageFault_Handler
                0x08002034                Default_Handler
                0x08002034                MemManage_Handler
                0x08002034                BusFault_Handler
                0x08002034                DebugMon_Handler
 *fill*         0x08002036        0x2 
 .text.__libc_init_array
                0x08002038       0x48 c:/ac6/systemworkbench/plugins/fr.ac6.mcu.externaltools.arm-none.win32_1.16.0.201807130628/tools/compiler/bin/../lib/gcc/arm-none-eabi/7.2.1/../../../../arm-none-eabi/lib/thumb/v7-m\libc.a(lib_a-init.o)
                0x08002038                __libc_init_array
 .text.memset   0x08002080       0x94 c:/ac6/systemworkbench/plugins/fr.ac6.mcu.externaltools.arm-none.win32_1.16.0.201807130628/tools/compiler/bin/../lib/gcc/arm-none-eabi/7.2.1/../../../../arm-none-eabi/lib/thumb/v7-m\libc.a(lib_a-memset.o)
                0x08002080                memset
 .text.startup.register_fini
                0x08002114       0x14 c:/ac6/systemworkbench/plugins/fr.ac6.mcu.externaltools.arm-none.win32_1.16.0.201807130628/tools/compiler/bin/../lib/gcc/arm-none-eabi/7.2.1/../../../../arm-none-eabi/lib/thumb/v7-m\libc.a(lib_a-__call_atexit.o)
 .text.atexit   0x08002128        0xc c:/ac6/systemworkbench/plugins/fr.ac6.mcu.externaltools.arm-none.win32_1.16.0.201807130628/tools/compiler/bin/../lib/gcc/arm-none-eabi/7.2.1/../../../../arm-none-eabi/lib/thumb/v7-m\libc.a(lib_a-atexit.o)
                0x08002128                atexit
 .text.__libc_fini_array
                0x08002134       0x34 c:/ac6/systemworkbench/plugins/fr.ac6.mcu.externaltools.arm-none.win32_1.16.0.201807130628/tools/compiler/bin/../lib/gcc/arm-none-eabi/7.2.1/../../../../arm-none-eabi/lib/thumb/v7-m\libc.a(lib_a-fini.o)
                0x08002134                __libc_fini_array
 .text.__retarget_lock_acquire_recursive
                0x08002168        0x4 c:/ac6/systemworkbench/plugins/fr.ac6.mcu.externaltools.arm-none.win32_1.16.0.201807130628/tools/compiler/bin/../lib/gcc/arm-none-eabi/7.2.1/../../../../arm-none-eabi/lib/thumb/v7-m\libc.a(lib_a-lock.o)
                0x08002168                __retarget_lock_acquire_recursive
 .text.__retarget_lock_release_recursive
                0x0800216c        0x4 c:/ac6/systemworkbench/plugins/fr.ac6.mcu.externaltools.arm-none.win32_1.16.0.201807130628/tools/compiler/bin/../lib/gcc/arm-none-eabi/7.2.1/../../../../arm-none-eabi/lib/thumb/v7-m\libc.a(lib_a-lock.o)
                0x0800216c                __retarget_lock_release_recursive
 .text.__register_exitproc
                0x08002170       0xc0 c:/ac6/systemworkbench/plugins/fr.ac6.mcu.externaltools.arm-none.win32_1.16.0.201807130628/tools/compiler/bin/../lib/gcc/arm-none-eabi/7.2.1/../../../../arm-none-eabi/lib/thumb/v7-m\libc.a(lib_a-__atexit.o)
                0x08002170                __register_exitproc
 *(.glue_7)
 .glue_7        0x08002230        0x0 linker stubs
 *(.glue_7t)
 .glue_7t       0x08002230        0x0 linker stubs
 *(.eh_frame)
 .eh_frame      0x08002230        0x0 c:/ac6/systemworkbench/plugins/fr.ac6.mcu.externaltools.arm-none.win32_1.16.0.201807130628/tools/compiler/bin/../lib/gcc/arm-none-eabi/7.2.1/thumb/v7-m/crtbegin.o
 *(.init)
 .init          0x08002230        0x4 c:/ac6/systemworkbench/plugins/fr.ac6.mcu.externaltools.arm-none.win32_1.16.0.201807130628/tools/compiler/bin/../lib/gcc/arm-none-eabi/7.2.1/thumb/v7-m/crti.o
                0x08002230                _init
 .init          0x08002234        0x8 c:/ac6/systemworkbench/plugins/fr.ac6.mcu.externaltools.arm-none.win32_1.16.0.201807130628/tools/compiler/bin/../lib/gcc/arm-none-eabi/7.2.1/thumb/v7-m/crtn.o
 *(.fini)
 .fini          0x0800223c        0x4 c:/ac6/systemworkbench/plugins/fr.ac6.mcu.externaltools.arm-none.win32_1.16.0.201807130628/tools/compiler/bin/../lib/gcc/arm-none-eabi/7.2.1/thumb/v7-m/crti.o
                0x0800223c                _fini
 .fini          0x08002240        0x8 c:/ac6/systemworkbench/plugins/fr.ac6.mcu.externaltools.arm-none.win32_1.16.0.201807130628/tools/compiler/bin/../lib/gcc/arm-none-eabi/7.2.1/thumb/v7-m/crtn.o
                0x08002248                . = ALIGN (0x4)
                0x08002248                _etext = .

.vfp11_veneer   0x08002248        0x0
 .vfp11_veneer  0x08002248        0x0 linker stubs

.v4_bx          0x08002248        0x0
 .v4_bx         0x08002248        0x0 linker stubs

.iplt           0x08002248        0x0
 .iplt          0x08002248        0x0 c:/ac6/systemworkbench/plugins/fr.ac6.mcu.externaltools.arm-none.win32_1.16.0.201807130628/tools/compiler/bin/../lib/gcc/arm-none-eabi/7.2.1/thumb/v7-m/crtbegin.o

.rodata         0x08002248       0x24
                0x08002248                . = ALIGN (0x4)
 *(.rodata)
 .rodata        0x08002248        0xc Drivers/src/base_blinky.o
 .rodata        0x08002254        0x9 Drivers/src/base_pwm_tim1.o
 *fill*         0x0800225d        0x3 
 .rodata        0x08002260        0x5 FreeRTOS/Source/tasks.o
 *(.rodata*)
 *fill*         0x08002265        0x3 
 .rodata._global_impure_ptr
                0x08002268        0x4 c:/ac6/systemworkbench/plugins/fr.ac6.mcu.externaltools.arm-none.win32_1.16.0.201807130628/tools/compiler/bin/../lib/gcc/arm-none-eabi/7.2.1/../../../../arm-none-eabi/lib/thumb/v7-m\libc.a(lib_a-impure.o)
                0x08002268                _global_impure_ptr
                0x0800226c                . = ALIGN (0x4)

.rel.dyn        0x0800226c        0x0
 .rel.iplt      0x0800226c        0x0 c:/ac6/systemworkbench/plugins/fr.ac6.mcu.externaltools.arm-none.win32_1.16.0.201807130628/tools/compiler/bin/../lib/gcc/arm-none-eabi/7.2.1/thumb/v7-m/crtbegin.o

.ARM.extab      0x0800226c        0x0
                0x0800226c                . = ALIGN (0x4)
 *(.ARM.extab* .gnu.linkonce.armextab.*)
                0x0800226c                . = ALIGN (0x4)

.ARM            0x0800226c        0x0
                0x0800226c                . = ALIGN (0x4)
                0x0800226c                __exidx_start = .
 *(.ARM.exidx*)
                0x0800226c                __exidx_end = .
                0x0800226c                . = ALIGN (0x4)

.preinit_array  0x0800226c        0x0
                0x0800226c                . = ALIGN (0x4)
                0x0800226c                PROVIDE (__preinit_array_start, .)
 *(.preinit_array*)
                0x0800226c                PROVIDE (__preinit_array_end, .)
                0x0800226c                . = ALIGN (0x4)

.init_array     0x0800226c        0x8
                0x0800226c                . = ALIGN (0x4)
                0x0800226c                PROVIDE (__init_array_start, .)
 *(SORT_BY_NAME(.init_array.*))
 .init_array.00000
                0x0800226c        0x4 c:/ac6/systemworkbench/plugins/fr.ac6.mcu.externaltools.arm-none.win32_1.16.0.201807130628/tools/compiler/bin/../lib/gcc/arm-none-eabi/7.2.1/../../../../arm-none-eabi/lib/thumb/v7-m\libc.a(lib_a-__call_atexit.o)
 *(.init_array*)
 .init_array    0x08002270        0x4 c:/ac6/systemworkbench/plugins/fr.ac6.mcu.externaltools.arm-none.win32_1.16.0.201807130628/tools/compiler/bin/../lib/gcc/arm-none-eabi/7.2.1/thumb/v7-m/crtbegin.o
                0x08002274                PROVIDE (__init_array_end, .)
                0x08002274                . = ALIGN (0x4)

.fini_array     0x08002274        0x4
                0x08002274                . = ALIGN (0x4)
                0x08002274                PROVIDE (__fini_array_start, .)
 *(SORT_BY_NAME(.fini_array.*))
 *(.fini_array*)
 .fini_array    0x08002274        0x4 c:/ac6/systemworkbench/plugins/fr.ac6.mcu.externaltools.arm-none.win32_1.16.0.201807130628/tools/compiler/bin/../lib/gcc/arm-none-eabi/7.2.1/thumb/v7-m/crtbegin.o
                0x08002278                PROVIDE (__fini_array_end, .)
                0x08002278                . = ALIGN (0x4)
                0x08002278                _sidata = LOADADDR (.data)

.data           0x20000000      0x434 load address 0x08002278
                0x20000000                . = ALIGN (0x4)
                0x20000000                _sdata = .
 *(.data)
 .data          0x20000000        0x4 FreeRTOS/Source/portable/GCC/ARM_CM3/port.o
 *(.data*)
 *fill*         0x20000004        0x4 
 .data.impure_data
                0x20000008      0x428 c:/ac6/systemworkbench/plugins/fr.ac6.mcu.externaltools.arm-none.win32_1.16.0.201807130628/tools/compiler/bin/../lib/gcc/arm-none-eabi/7.2.1/../../../../arm-none-eabi/lib/thumb/v7-m\libc.a(lib_a-impure.o)
 .data.__atexit_recursive_mutex
                0x20000430        0x4 c:/ac6/systemworkbench/plugins/fr.ac6.mcu.externaltools.arm-none.win32_1.16.0.201807130628/tools/compiler/bin/../lib/gcc/arm-none-eabi/7.2.1/../../../../arm-none-eabi/lib/thumb/v7-m\libc.a(lib_a-__call_atexit.o)
                0x20000430                __atexit_recursive_mutex
                0x20000434                . = ALIGN (0x4)
                0x20000434                _edata = .

.igot.plt       0x20000434        0x0 load address 0x080026ac
 .igot.plt      0x20000434        0x0 c:/ac6/systemworkbench/plugins/fr.ac6.mcu.externaltools.arm-none.win32_1.16.0.201807130628/tools/compiler/bin/../lib/gcc/arm-none-eabi/7.2.1/thumb/v7-m/crtbegin.o
                0x20000434                . = ALIGN (0x4)

.bss            0x20000434     0x2970 load address 0x080026ac
                0x20000434                _sbss = .
                0x20000434                __bss_start__ = _sbss
 *(.bss)
 .bss           0x20000434       0x1c c:/ac6/systemworkbench/plugins/fr.ac6.mcu.externaltools.arm-none.win32_1.16.0.201807130628/tools/compiler/bin/../lib/gcc/arm-none-eabi/7.2.1/thumb/v7-m/crtbegin.o
 .bss           0x20000450        0x4 Drivers/src/base_blinky.o
 .bss           0x20000454        0x4 Drivers/src/base_pwm_tim1.o
 .bss           0x20000458        0xc Drivers/src/base_spi_1.o
 .bss           0x20000464       0x28 Drivers/src/base_usart_1.o
 .bss           0x2000048c       0xec FreeRTOS/Source/tasks.o
                0x2000048c                pxCurrentTCB
 .bss           0x20000578     0x2808 FreeRTOS/Source/portable/MemMang/heap_1.o
 *(.bss*)
 *(COMMON)
 COMMON         0x20002d80       0x21 c:/ac6/systemworkbench/plugins/fr.ac6.mcu.externaltools.arm-none.win32_1.16.0.201807130628/tools/compiler/bin/../lib/gcc/arm-none-eabi/7.2.1/../../../../arm-none-eabi/lib/thumb/v7-m\libc.a(lib_a-lock.o)
                0x20002d80                __lock___atexit_recursive_mutex
                0x20002d84                __lock___arc4random_mutex
                0x20002d88                __lock___env_recursive_mutex
                0x20002d8c                __lock___sinit_recursive_mutex
                0x20002d90                __lock___malloc_recursive_mutex
                0x20002d94                __lock___at_quick_exit_mutex
                0x20002d98                __lock___dd_hash_mutex
                0x20002d9c                __lock___tz_mutex
                0x20002da0                __lock___sfp_recursive_mutex
                0x20002da4                . = ALIGN (0x4)
 *fill*         0x20002da1        0x3 
                0x20002da4                _ebss = .
                0x20002da4                __bss_end__ = _ebss

._user_heap_stack
                0x20002da4      0x404 load address 0x080026ac
                0x20002da8                . = ALIGN (0x8)
 *fill*         0x20002da4        0x4 
                0x20002da8                PROVIDE (end, .)
                [!provide]                PROVIDE (_end, .)
                0x20002da8                . = (. + _Min_Heap_Size)
                0x200031a8                . = (. + _Min_Stack_Size)
 *fill*         0x20002da8      0x400 
                0x200031a8                . = ALIGN (0x8)

/DISCARD/
 libc.a(*)
 libm.a(*)
 libgcc.a(*)

.ARM.attributes
                0x00000000       0x29
 *(.ARM.attributes)
 .ARM.attributes
                0x00000000       0x1d c:/ac6/systemworkbench/plugins/fr.ac6.mcu.externaltools.arm-none.win32_1.16.0.201807130628/tools/compiler/bin/../lib/gcc/arm-none-eabi/7.2.1/thumb/v7-m/crti.o
 .ARM.attributes
                0x0000001d       0x2d c:/ac6/systemworkbench/plugins/fr.ac6.mcu.externaltools.arm-none.win32_1.16.0.201807130628/tools/compiler/bin/../lib/gcc/arm-none-eabi/7.2.1/thumb/v7-m/crtbegin.o
 .ARM.attributes
                0x0000004a       0x33 Drivers/src/base_blinky.o
 .ARM.attributes
                0x0000007d       0x33 Drivers/src/base_init.o
 .ARM.attributes
                0x000000b0       0x33 Drivers/src/base_pwm_tim1.o
 .ARM.attributes
                0x000000e3       0x33 Drivers/src/base_spi_1.o
 .ARM.attributes
                0x00000116       0x33 Drivers/src/base_usart_1.o
 .ARM.attributes
                0x00000149       0x33 FreeRTOS/Source/list.o
 .ARM.attributes
                0x0000017c       0x33 FreeRTOS/Source/tasks.o
 .ARM.attributes
                0x000001af       0x33 FreeRTOS/Source/portable/GCC/ARM_CM3/port.o
 .ARM.attributes
                0x000001e2       0x33 FreeRTOS/Source/portable/MemMang/heap_1.o
 .ARM.attributes
                0x00000215       0x33 StdPeriph_Driver/src/misc.o
 .ARM.attributes
                0x00000248       0x33 StdPeriph_Driver/src/stm32f10x_dma.o
 .ARM.attributes
                0x0000027b       0x33 StdPeriph_Driver/src/stm32f10x_gpio.o
 .ARM.attributes
                0x000002ae       0x33 StdPeriph_Driver/src/stm32f10x_rcc.o
 .ARM.attributes
                0x000002e1       0x33 StdPeriph_Driver/src/stm32f10x_tim.o
 .ARM.attributes
                0x00000314       0x33 src/main.o
 .ARM.attributes
                0x00000347       0x33 src/system_stm32f10x.o
 .ARM.attributes
                0x0000037a       0x21 startup/startup_stm32.o
 .ARM.attributes
                0x0000039b       0x2d c:/ac6/systemworkbench/plugins/fr.ac6.mcu.externaltools.arm-none.win32_1.16.0.201807130628/tools/compiler/bin/../lib/gcc/arm-none-eabi/7.2.1/../../../../arm-none-eabi/lib/thumb/v7-m\libc.a(lib_a-impure.o)
 .ARM.attributes
                0x000003c8       0x2d c:/ac6/systemworkbench/plugins/fr.ac6.mcu.externaltools.arm-none.win32_1.16.0.201807130628/tools/compiler/bin/../lib/gcc/arm-none-eabi/7.2.1/../../../../arm-none-eabi/lib/thumb/v7-m\libc.a(lib_a-init.o)
 .ARM.attributes
                0x000003f5       0x2d c:/ac6/systemworkbench/plugins/fr.ac6.mcu.externaltools.arm-none.win32_1.16.0.201807130628/tools/compiler/bin/../lib/gcc/arm-none-eabi/7.2.1/../../../../arm-none-eabi/lib/thumb/v7-m\libc.a(lib_a-memset.o)
 .ARM.attributes
                0x00000422       0x2d c:/ac6/systemworkbench/plugins/fr.ac6.mcu.externaltools.arm-none.win32_1.16.0.201807130628/tools/compiler/bin/../lib/gcc/arm-none-eabi/7.2.1/../../../../arm-none-eabi/lib/thumb/v7-m\libc.a(lib_a-__call_atexit.o)
 .ARM.attributes
                0x0000044f       0x2d c:/ac6/systemworkbench/plugins/fr.ac6.mcu.externaltools.arm-none.win32_1.16.0.201807130628/tools/compiler/bin/../lib/gcc/arm-none-eabi/7.2.1/../../../../arm-none-eabi/lib/thumb/v7-m\libc.a(lib_a-atexit.o)
 .ARM.attributes
                0x0000047c       0x2d c:/ac6/systemworkbench/plugins/fr.ac6.mcu.externaltools.arm-none.win32_1.16.0.201807130628/tools/compiler/bin/../lib/gcc/arm-none-eabi/7.2.1/../../../../arm-none-eabi/lib/thumb/v7-m\libc.a(lib_a-fini.o)
 .ARM.attributes
                0x000004a9       0x2d c:/ac6/systemworkbench/plugins/fr.ac6.mcu.externaltools.arm-none.win32_1.16.0.201807130628/tools/compiler/bin/../lib/gcc/arm-none-eabi/7.2.1/../../../../arm-none-eabi/lib/thumb/v7-m\libc.a(lib_a-lock.o)
 .ARM.attributes
                0x000004d6       0x2d c:/ac6/systemworkbench/plugins/fr.ac6.mcu.externaltools.arm-none.win32_1.16.0.201807130628/tools/compiler/bin/../lib/gcc/arm-none-eabi/7.2.1/../../../../arm-none-eabi/lib/thumb/v7-m\libc.a(lib_a-__atexit.o)
 .ARM.attributes
                0x00000503       0x1d c:/ac6/systemworkbench/plugins/fr.ac6.mcu.externaltools.arm-none.win32_1.16.0.201807130628/tools/compiler/bin/../lib/gcc/arm-none-eabi/7.2.1/thumb/v7-m/crtn.o
OUTPUT(BaseWithFreeRTOS.elf elf32-littlearm)

.debug_info     0x00000000     0x8cee
 .debug_info    0x00000000      0x2a1 Drivers/src/base_blinky.o
 .debug_info    0x000002a1      0x53c Drivers/src/base_init.o
 .debug_info    0x000007dd      0x663 Drivers/src/base_pwm_tim1.o
 .debug_info    0x00000e40      0x766 Drivers/src/base_spi_1.o
 .debug_info    0x000015a6      0x6ec Drivers/src/base_usart_1.o
 .debug_info    0x00001c92      0xac5 FreeRTOS/Source/list.o
 .debug_info    0x00002757     0x1ebf FreeRTOS/Source/tasks.o
 .debug_info    0x00004616      0x2cf FreeRTOS/Source/portable/GCC/ARM_CM3/port.o
 .debug_info    0x000048e5      0x9a0 FreeRTOS/Source/portable/MemMang/heap_1.o
 .debug_info    0x00005285      0x4e7 StdPeriph_Driver/src/misc.o
 .debug_info    0x0000576c      0x46f StdPeriph_Driver/src/stm32f10x_dma.o
 .debug_info    0x00005bdb      0x6ec StdPeriph_Driver/src/stm32f10x_gpio.o
 .debug_info    0x000062c7      0x89c StdPeriph_Driver/src/stm32f10x_rcc.o
 .debug_info    0x00006b63     0x1c54 StdPeriph_Driver/src/stm32f10x_tim.o
 .debug_info    0x000087b7       0xc5 src/main.o
 .debug_info    0x0000887c      0x450 src/system_stm32f10x.o
 .debug_info    0x00008ccc       0x22 startup/startup_stm32.o

.debug_abbrev   0x00000000     0x1bc7
 .debug_abbrev  0x00000000      0x140 Drivers/src/base_blinky.o
 .debug_abbrev  0x00000140      0x18d Drivers/src/base_init.o
 .debug_abbrev  0x000002cd      0x156 Drivers/src/base_pwm_tim1.o
 .debug_abbrev  0x00000423      0x186 Drivers/src/base_spi_1.o
 .debug_abbrev  0x000005a9      0x1b8 Drivers/src/base_usart_1.o
 .debug_abbrev  0x00000761      0x1fe FreeRTOS/Source/list.o
 .debug_abbrev  0x0000095f      0x3bc FreeRTOS/Source/tasks.o
 .debug_abbrev  0x00000d1b      0x1c4 FreeRTOS/Source/portable/GCC/ARM_CM3/port.o
 .debug_abbrev  0x00000edf      0x22e FreeRTOS/Source/portable/MemMang/heap_1.o
 .debug_abbrev  0x0000110d      0x186 StdPeriph_Driver/src/misc.o
 .debug_abbrev  0x00001293      0x187 StdPeriph_Driver/src/stm32f10x_dma.o
 .debug_abbrev  0x0000141a      0x1e4 StdPeriph_Driver/src/stm32f10x_gpio.o
 .debug_abbrev  0x000015fe      0x1d4 StdPeriph_Driver/src/stm32f10x_rcc.o
 .debug_abbrev  0x000017d2      0x1c8 StdPeriph_Driver/src/stm32f10x_tim.o
 .debug_abbrev  0x0000199a       0x7d src/main.o
 .debug_abbrev  0x00001a17      0x19e src/system_stm32f10x.o
 .debug_abbrev  0x00001bb5       0x12 startup/startup_stm32.o

.debug_aranges  0x00000000      0x960
 .debug_aranges
                0x00000000       0x28 Drivers/src/base_blinky.o
 .debug_aranges
                0x00000028       0x30 Drivers/src/base_init.o
 .debug_aranges
                0x00000058       0x28 Drivers/src/base_pwm_tim1.o
 .debug_aranges
                0x00000080       0x48 Drivers/src/base_spi_1.o
 .debug_aranges
                0x000000c8       0x38 Drivers/src/base_usart_1.o
 .debug_aranges
                0x00000100       0x40 FreeRTOS/Source/list.o
 .debug_aranges
                0x00000140      0x198 FreeRTOS/Source/tasks.o
 .debug_aranges
                0x000002d8       0x70 FreeRTOS/Source/portable/GCC/ARM_CM3/port.o
 .debug_aranges
                0x00000348       0x38 FreeRTOS/Source/portable/MemMang/heap_1.o
 .debug_aranges
                0x00000380       0x40 StdPeriph_Driver/src/misc.o
 .debug_aranges
                0x000003c0       0x70 StdPeriph_Driver/src/stm32f10x_dma.o
 .debug_aranges
                0x00000430       0xa8 StdPeriph_Driver/src/stm32f10x_gpio.o
 .debug_aranges
                0x000004d8      0x118 StdPeriph_Driver/src/stm32f10x_rcc.o
 .debug_aranges
                0x000005f0      0x2f0 StdPeriph_Driver/src/stm32f10x_tim.o
 .debug_aranges
                0x000008e0       0x20 src/main.o
 .debug_aranges
                0x00000900       0x38 src/system_stm32f10x.o
 .debug_aranges
                0x00000938       0x28 startup/startup_stm32.o

.debug_ranges   0x00000000      0x858
 .debug_ranges  0x00000000       0x18 Drivers/src/base_blinky.o
 .debug_ranges  0x00000018       0x20 Drivers/src/base_init.o
 .debug_ranges  0x00000038       0x18 Drivers/src/base_pwm_tim1.o
 .debug_ranges  0x00000050       0x38 Drivers/src/base_spi_1.o
 .debug_ranges  0x00000088       0x28 Drivers/src/base_usart_1.o
 .debug_ranges  0x000000b0       0x30 FreeRTOS/Source/list.o
 .debug_ranges  0x000000e0      0x188 FreeRTOS/Source/tasks.o
 .debug_ranges  0x00000268       0x60 FreeRTOS/Source/portable/GCC/ARM_CM3/port.o
 .debug_ranges  0x000002c8       0x28 FreeRTOS/Source/portable/MemMang/heap_1.o
 .debug_ranges  0x000002f0       0x30 StdPeriph_Driver/src/misc.o
 .debug_ranges  0x00000320       0x60 StdPeriph_Driver/src/stm32f10x_dma.o
 .debug_ranges  0x00000380       0x98 StdPeriph_Driver/src/stm32f10x_gpio.o
 .debug_ranges  0x00000418      0x108 StdPeriph_Driver/src/stm32f10x_rcc.o
 .debug_ranges  0x00000520      0x2e0 StdPeriph_Driver/src/stm32f10x_tim.o
 .debug_ranges  0x00000800       0x10 src/main.o
 .debug_ranges  0x00000810       0x28 src/system_stm32f10x.o
 .debug_ranges  0x00000838       0x20 startup/startup_stm32.o

.debug_macro    0x00000000     0x382f
 .debug_macro   0x00000000      0x1f8 Drivers/src/base_blinky.o
 .debug_macro   0x000001f8      0x6bd Drivers/src/base_blinky.o
 .debug_macro   0x000008b5      0x194 Drivers/src/base_init.o
 .debug_macro   0x00000a49      0x2ac Drivers/src/base_init.o
 .debug_macro   0x00000cf5       0x85 Drivers/src/base_init.o
 .debug_macro   0x00000d7a      0x1ff Drivers/src/base_pwm_tim1.o
 .debug_macro   0x00000f79       0x10 Drivers/src/base_pwm_tim1.o
 .debug_macro   0x00000f89      0x70b Drivers/src/base_pwm_tim1.o
 .debug_macro   0x00001694      0x19b Drivers/src/base_spi_1.o
 .debug_macro   0x0000182f      0x3dc Drivers/src/base_spi_1.o
 .debug_macro   0x00001c0b      0x1ad Drivers/src/base_usart_1.o
 .debug_macro   0x00001db8      0x21a Drivers/src/base_usart_1.o
 .debug_macro   0x00001fd2       0x10 Drivers/src/base_usart_1.o
 .debug_macro   0x00001fe2      0x17b FreeRTOS/Source/list.o
 .debug_macro   0x0000215d      0x264 FreeRTOS/Source/tasks.o
 .debug_macro   0x000023c1       0x11 FreeRTOS/Source/tasks.o
 .debug_macro   0x000023d2      0x176 FreeRTOS/Source/portable/GCC/ARM_CM3/port.o
 .debug_macro   0x00002548      0x19c FreeRTOS/Source/portable/MemMang/heap_1.o
 .debug_macro   0x000026e4      0x18b StdPeriph_Driver/src/misc.o
 .debug_macro   0x0000286f      0x1dd StdPeriph_Driver/src/stm32f10x_dma.o
 .debug_macro   0x00002a4c      0x3a7 StdPeriph_Driver/src/stm32f10x_dma.o
 .debug_macro   0x00002df3      0x1d7 StdPeriph_Driver/src/stm32f10x_gpio.o
 .debug_macro   0x00002fca      0x2a1 StdPeriph_Driver/src/stm32f10x_rcc.o
 .debug_macro   0x0000326b      0x1a1 StdPeriph_Driver/src/stm32f10x_tim.o
 .debug_macro   0x0000340c      0x233 src/main.o
 .debug_macro   0x0000363f       0x10 src/main.o
 .debug_macro   0x0000364f       0x58 src/main.o
 .debug_macro   0x000036a7      0x188 src/system_stm32f10x.o

.debug_line     0x00000000     0x76eb
 .debug_line    0x00000000      0x741 Drivers/src/base_blinky.o
 .debug_line    0x00000741      0x5f0 Drivers/src/base_init.o
 .debug_line    0x00000d31      0x792 Drivers/src/base_pwm_tim1.o
 .debug_line    0x000014c3      0x65c Drivers/src/base_spi_1.o
 .debug_line    0x00001b1f      0x667 Drivers/src/base_usart_1.o
 .debug_line    0x00002186      0x518 FreeRTOS/Source/list.o
 .debug_line    0x0000269e      0xcec FreeRTOS/Source/tasks.o
 .debug_line    0x0000338a      0x540 FreeRTOS/Source/portable/GCC/ARM_CM3/port.o
 .debug_line    0x000038ca      0x50c FreeRTOS/Source/portable/MemMang/heap_1.o
 .debug_line    0x00003dd6      0x5da StdPeriph_Driver/src/misc.o
 .debug_line    0x000043b0      0x6c4 StdPeriph_Driver/src/stm32f10x_dma.o
 .debug_line    0x00004a74      0x75b StdPeriph_Driver/src/stm32f10x_gpio.o
 .debug_line    0x000051cf      0x857 StdPeriph_Driver/src/stm32f10x_rcc.o
 .debug_line    0x00005a26      0xedc StdPeriph_Driver/src/stm32f10x_tim.o
 .debug_line    0x00006902      0x760 src/main.o
 .debug_line    0x00007062      0x610 src/system_stm32f10x.o
 .debug_line    0x00007672       0x79 startup/startup_stm32.o

.debug_str      0x00000000    0x5882d
 .debug_str     0x00000000    0x5090a Drivers/src/base_blinky.o
                              0x50b10 (size before relaxing)
 .debug_str     0x0005090a      0x418 Drivers/src/base_init.o
                              0x4d5c2 (size before relaxing)
 .debug_str     0x00050d22      0x310 Drivers/src/base_pwm_tim1.o
                              0x50df8 (size before relaxing)
 .debug_str     0x00051032      0x334 Drivers/src/base_spi_1.o
                              0x4dc6c (size before relaxing)
 .debug_str     0x00051366      0x192 Drivers/src/base_usart_1.o
                              0x4dc16 (size before relaxing)
 .debug_str     0x000514f8     0x2e8b FreeRTOS/Source/list.o
                               0x9cc2 (size before relaxing)
 .debug_str     0x00054383     0x1af0 FreeRTOS/Source/tasks.o
                               0xbdbd (size before relaxing)
 .debug_str     0x00055e73      0x602 FreeRTOS/Source/portable/GCC/ARM_CM3/port.o
                               0x7a36 (size before relaxing)
 .debug_str     0x00056475       0xf0 FreeRTOS/Source/portable/MemMang/heap_1.o
                               0xa267 (size before relaxing)
 .debug_str     0x00056565      0x125 StdPeriph_Driver/src/misc.o
                              0x4d41f (size before relaxing)
 .debug_str     0x0005668a      0x60a StdPeriph_Driver/src/stm32f10x_dma.o
                              0x4d8c7 (size before relaxing)
 .debug_str     0x00056c94      0x487 StdPeriph_Driver/src/stm32f10x_gpio.o
                              0x4d797 (size before relaxing)
 .debug_str     0x0005711b      0xb54 StdPeriph_Driver/src/stm32f10x_rcc.o
                              0x4dd7d (size before relaxing)
 .debug_str     0x00057c6f      0x9c4 StdPeriph_Driver/src/stm32f10x_tim.o
                              0x4de9b (size before relaxing)
 .debug_str     0x00058633      0x126 src/main.o
                              0x50b1b (size before relaxing)
 .debug_str     0x00058759       0xaa src/system_stm32f10x.o
                              0x4d32b (size before relaxing)
 .debug_str     0x00058803       0x2a startup/startup_stm32.o
                                 0x58 (size before relaxing)

.comment        0x00000000       0x7e
 .comment       0x00000000       0x7e Drivers/src/base_blinky.o
                                 0x7f (size before relaxing)
 .comment       0x0000007e       0x7f Drivers/src/base_init.o
 .comment       0x0000007e       0x7f Drivers/src/base_pwm_tim1.o
 .comment       0x0000007e       0x7f Drivers/src/base_spi_1.o
 .comment       0x0000007e       0x7f Drivers/src/base_usart_1.o
 .comment       0x0000007e       0x7f FreeRTOS/Source/list.o
 .comment       0x0000007e       0x7f FreeRTOS/Source/tasks.o
 .comment       0x0000007e       0x7f FreeRTOS/Source/portable/GCC/ARM_CM3/port.o
 .comment       0x0000007e       0x7f FreeRTOS/Source/portable/MemMang/heap_1.o
 .comment       0x0000007e       0x7f StdPeriph_Driver/src/misc.o
 .comment       0x0000007e       0x7f StdPeriph_Driver/src/stm32f10x_dma.o
 .comment       0x0000007e       0x7f StdPeriph_Driver/src/stm32f10x_gpio.o
 .comment       0x0000007e       0x7f StdPeriph_Driver/src/stm32f10x_rcc.o
 .comment       0x0000007e       0x7f StdPeriph_Driver/src/stm32f10x_tim.o
 .comment       0x0000007e       0x7f src/main.o
 .comment       0x0000007e       0x7f src/system_stm32f10x.o

.debug_frame    0x00000000     0x279c
 .debug_frame   0x00000000       0x54 Drivers/src/base_blinky.o
 .debug_frame   0x00000054       0x78 Drivers/src/base_init.o
 .debug_frame   0x000000cc       0x58 Drivers/src/base_pwm_tim1.o
 .debug_frame   0x00000124       0xe8 Drivers/src/base_spi_1.o
 .debug_frame   0x0000020c       0x90 Drivers/src/base_usart_1.o
 .debug_frame   0x0000029c       0xd8 FreeRTOS/Source/list.o
 .debug_frame   0x00000374      0x6ec FreeRTOS/Source/tasks.o
 .debug_frame   0x00000a60      0x154 FreeRTOS/Source/portable/GCC/ARM_CM3/port.o
 .debug_frame   0x00000bb4       0x9c FreeRTOS/Source/portable/MemMang/heap_1.o
 .debug_frame   0x00000c50       0xd8 StdPeriph_Driver/src/misc.o
 .debug_frame   0x00000d28      0x1c8 StdPeriph_Driver/src/stm32f10x_dma.o
 .debug_frame   0x00000ef0      0x2d0 StdPeriph_Driver/src/stm32f10x_gpio.o
 .debug_frame   0x000011c0      0x4f4 StdPeriph_Driver/src/stm32f10x_rcc.o
 .debug_frame   0x000016b4      0xe2c StdPeriph_Driver/src/stm32f10x_tim.o
 .debug_frame   0x000024e0       0x2c src/main.o
 .debug_frame   0x0000250c       0x98 src/system_stm32f10x.o
 .debug_frame   0x000025a4       0x2c c:/ac6/systemworkbench/plugins/fr.ac6.mcu.externaltools.arm-none.win32_1.16.0.201807130628/tools/compiler/bin/../lib/gcc/arm-none-eabi/7.2.1/../../../../arm-none-eabi/lib/thumb/v7-m\libc.a(lib_a-init.o)
 .debug_frame   0x000025d0       0x38 c:/ac6/systemworkbench/plugins/fr.ac6.mcu.externaltools.arm-none.win32_1.16.0.201807130628/tools/compiler/bin/../lib/gcc/arm-none-eabi/7.2.1/../../../../arm-none-eabi/lib/thumb/v7-m\libc.a(lib_a-memset.o)
 .debug_frame   0x00002608       0x5c c:/ac6/systemworkbench/plugins/fr.ac6.mcu.externaltools.arm-none.win32_1.16.0.201807130628/tools/compiler/bin/../lib/gcc/arm-none-eabi/7.2.1/../../../../arm-none-eabi/lib/thumb/v7-m\libc.a(lib_a-__call_atexit.o)
 .debug_frame   0x00002664       0x20 c:/ac6/systemworkbench/plugins/fr.ac6.mcu.externaltools.arm-none.win32_1.16.0.201807130628/tools/compiler/bin/../lib/gcc/arm-none-eabi/7.2.1/../../../../arm-none-eabi/lib/thumb/v7-m\libc.a(lib_a-atexit.o)
 .debug_frame   0x00002684       0x34 c:/ac6/systemworkbench/plugins/fr.ac6.mcu.externaltools.arm-none.win32_1.16.0.201807130628/tools/compiler/bin/../lib/gcc/arm-none-eabi/7.2.1/../../../../arm-none-eabi/lib/thumb/v7-m\libc.a(lib_a-fini.o)
 .debug_frame   0x000026b8       0xb0 c:/ac6/systemworkbench/plugins/fr.ac6.mcu.externaltools.arm-none.win32_1.16.0.201807130628/tools/compiler/bin/../lib/gcc/arm-none-eabi/7.2.1/../../../../arm-none-eabi/lib/thumb/v7-m\libc.a(lib_a-lock.o)
 .debug_frame   0x00002768       0x34 c:/ac6/systemworkbench/plugins/fr.ac6.mcu.externaltools.arm-none.win32_1.16.0.201807130628/tools/compiler/bin/../lib/gcc/arm-none-eabi/7.2.1/../../../../arm-none-eabi/lib/thumb/v7-m\libc.a(lib_a-__atexit.o)
